Archive member included because of file (symbol)

c:/program files (x86)/atmel/atmel toolchain/avr8 gcc/native/3.4.1061/avr8-gnu-toolchain/bin/../lib/gcc/avr/4.8.1/avr5\libgcc.a(_divmodhi4.o)
                              SPLC501C.o (__divmodhi4)
c:/program files (x86)/atmel/atmel toolchain/avr8 gcc/native/3.4.1061/avr8-gnu-toolchain/bin/../lib/gcc/avr/4.8.1/avr5\libgcc.a(_exit.o)
                              c:/program files (x86)/atmel/atmel toolchain/avr8 gcc/native/3.4.1061/avr8-gnu-toolchain/bin/../lib/gcc/avr/4.8.1/../../../../avr/lib/avr5/crtcan32.o (exit)
c:/program files (x86)/atmel/atmel toolchain/avr8 gcc/native/3.4.1061/avr8-gnu-toolchain/bin/../lib/gcc/avr/4.8.1/avr5\libgcc.a(_tablejump.o)
                              can_lib.o (__tablejump2__)
c:/program files (x86)/atmel/atmel toolchain/avr8 gcc/native/3.4.1061/avr8-gnu-toolchain/bin/../lib/gcc/avr/4.8.1/avr5\libgcc.a(_copy_data.o)
                              graphic.o (__do_copy_data)
c:/program files (x86)/atmel/atmel toolchain/avr8 gcc/native/3.4.1061/avr8-gnu-toolchain/bin/../lib/gcc/avr/4.8.1/avr5\libgcc.a(_clear_bss.o)
                              ADC.o (__do_clear_bss)
c:/program files (x86)/atmel/atmel toolchain/avr8 gcc/native/3.4.1061/avr8-gnu-toolchain/bin/../lib/gcc/avr/4.8.1/avr5\libgcc.a(_umulhisi3.o)
                              ADC.o (__umulhisi3)
c:/program files (x86)/atmel/atmel toolchain/avr8 gcc/native/3.4.1061/avr8-gnu-toolchain/bin/../lib/gcc/avr/4.8.1/avr5\libgcc.a(_usmulhisi3.o)
                              CAN_LCD.o (__usmulhisi3)
c:/program files (x86)/atmel/atmel toolchain/avr8 gcc/native/3.4.1061/avr8-gnu-toolchain/bin/../lib/gcc/avr/4.8.1/avr5\libgcc.a(_udivmodhi4.o)
                              c:/program files (x86)/atmel/atmel toolchain/avr8 gcc/native/3.4.1061/avr8-gnu-toolchain/bin/../lib/gcc/avr/4.8.1/avr5\libgcc.a(_divmodhi4.o) (__udivmodhi4)
c:/program files (x86)/atmel/atmel toolchain/avr8 gcc/native/3.4.1061/avr8-gnu-toolchain/bin/../lib/gcc/avr/4.8.1/../../../../avr/lib/avr5\libc.a(itoa_ncheck.o)
                              SPLC501C.o (__itoa_ncheck)
c:/program files (x86)/atmel/atmel toolchain/avr8 gcc/native/3.4.1061/avr8-gnu-toolchain/bin/../lib/gcc/avr/4.8.1/../../../../avr/lib/avr5\libc.a(utoa_ncheck.o)
                              c:/program files (x86)/atmel/atmel toolchain/avr8 gcc/native/3.4.1061/avr8-gnu-toolchain/bin/../lib/gcc/avr/4.8.1/../../../../avr/lib/avr5\libc.a(itoa_ncheck.o) (__utoa_common)
c:/program files (x86)/atmel/atmel toolchain/avr8 gcc/native/3.4.1061/avr8-gnu-toolchain/bin/../lib/gcc/avr/4.8.1/../../../../avr/lib/avr5\libc.a(strrev.o)
                              c:/program files (x86)/atmel/atmel toolchain/avr8 gcc/native/3.4.1061/avr8-gnu-toolchain/bin/../lib/gcc/avr/4.8.1/../../../../avr/lib/avr5\libc.a(utoa_ncheck.o) (strrev)

Allocating common symbols
Common symbol       size              file

ys                  0x2               SPLC501C-AVR.o
button_state        0x1               button.o
xs                  0x2               SPLC501C-AVR.o

Discarded input sections

 .data          0x00000000        0x0 c:/program files (x86)/atmel/atmel toolchain/avr8 gcc/native/3.4.1061/avr8-gnu-toolchain/bin/../lib/gcc/avr/4.8.1/../../../../avr/lib/avr5/crtcan32.o
 .bss           0x00000000        0x0 c:/program files (x86)/atmel/atmel toolchain/avr8 gcc/native/3.4.1061/avr8-gnu-toolchain/bin/../lib/gcc/avr/4.8.1/../../../../avr/lib/avr5/crtcan32.o
 .text          0x00000000        0x0 ADC.o
 .data          0x00000000        0x0 ADC.o
 .bss           0x00000000        0x0 ADC.o
 .text.init_adc
                0x00000000       0x28 ADC.o
 .text.adc_get  0x00000000       0x46 ADC.o
 .text.adc_task
                0x00000000       0x26 ADC.o
 .bss.adc_buf   0x00000000       0x30 ADC.o
 .text          0x00000000        0x0 button.o
 .data          0x00000000        0x0 button.o
 .bss           0x00000000        0x0 button.o
 .text          0x00000000        0x0 can_drv.o
 .data          0x00000000        0x0 can_drv.o
 .bss           0x00000000        0x0 can_drv.o
 .text.can_auto_baudrate
                0x00000000      0x3b8 can_drv.o
 .text          0x00000000        0x0 CAN_LCD.o
 .data          0x00000000        0x0 CAN_LCD.o
 .bss           0x00000000        0x0 CAN_LCD.o
 .text.Send_Abort
                0x00000000       0x66 CAN_LCD.o
 .text          0x00000000        0x0 can_lib.o
 .data          0x00000000        0x0 can_lib.o
 .bss           0x00000000        0x0 can_lib.o
 .text          0x00000000        0x0 delay.o
 .data          0x00000000        0x0 delay.o
 .bss           0x00000000        0x0 delay.o
 .text.delay100us8
                0x00000000       0x14 delay.o
 .debug_info    0x00000000       0x91 delay.o
 .debug_abbrev  0x00000000       0x60 delay.o
 .debug_loc     0x00000000       0x1e delay.o
 .debug_aranges
                0x00000000       0x20 delay.o
 .debug_ranges  0x00000000       0x10 delay.o
 .debug_line    0x00000000       0xae delay.o
 .debug_str     0x00000000      0x15e delay.o
 .comment       0x00000000       0x31 delay.o
 .debug_frame   0x00000000       0x24 delay.o
 .text          0x00000000        0x0 graphic.o
 .data          0x00000000        0x0 graphic.o
 .bss           0x00000000        0x0 graphic.o
 .text.GLCD_Circle
                0x00000000      0x10c graphic.o
 .text.GLCD_Line
                0x00000000      0x144 graphic.o
 .rodata.color  0x00000000        0x1 graphic.o
 .text          0x00000000        0x0 pwm001.o
 .data          0x00000000        0x0 pwm001.o
 .bss           0x00000000        0x0 pwm001.o
 .text.pwm_init
                0x00000000       0x20 pwm001.o
 .text.pwm_duty_cycle
                0x00000000        0xa pwm001.o
 .debug_info    0x00000000       0xb5 pwm001.o
 .debug_abbrev  0x00000000       0x78 pwm001.o
 .debug_aranges
                0x00000000       0x28 pwm001.o
 .debug_ranges  0x00000000       0x18 pwm001.o
 .debug_line    0x00000000       0xc0 pwm001.o
 .debug_str     0x00000000      0x174 pwm001.o
 .comment       0x00000000       0x31 pwm001.o
 .debug_frame   0x00000000       0x34 pwm001.o
 .text          0x00000000        0x0 SPLC501C-AVR.o
 .data          0x00000000        0x0 SPLC501C-AVR.o
 .bss           0x00000000        0x0 SPLC501C-AVR.o
 .text.GLCD_Get_x
                0x00000000        0xa SPLC501C-AVR.o
 .text.GLCD_Get_y
                0x00000000        0xa SPLC501C-AVR.o
 .text          0x00000000        0x0 SPLC501C.o
 .data          0x00000000        0x0 SPLC501C.o
 .bss           0x00000000        0x0 SPLC501C.o
 .text.GLCD_Bitmap
                0x00000000       0x7a SPLC501C.o
 .text.GLCD_float
                0x00000000       0xf4 SPLC501C.o
 .rodata.str1.1
                0x00000000        0x2 SPLC501C.o
 .text.GLCD_clear
                0x00000000       0x38 SPLC501C.o
 .text          0x00000000        0x0 timer.o
 .data          0x00000000        0x0 timer.o
 .bss           0x00000000        0x0 timer.o
 .text.timer_init_0
                0x00000000        0x8 timer.o
 .bss.rpm_timer
                0x00000000        0x2 timer.o
 .bss.new_tick  0x00000000        0x1 timer.o
 .bss.timer_prv
                0x00000000        0x2 timer.o
 .text          0x00000000        0x0 c:/program files (x86)/atmel/atmel toolchain/avr8 gcc/native/3.4.1061/avr8-gnu-toolchain/bin/../lib/gcc/avr/4.8.1/avr5\libgcc.a(_divmodhi4.o)
 .data          0x00000000        0x0 c:/program files (x86)/atmel/atmel toolchain/avr8 gcc/native/3.4.1061/avr8-gnu-toolchain/bin/../lib/gcc/avr/4.8.1/avr5\libgcc.a(_divmodhi4.o)
 .bss           0x00000000        0x0 c:/program files (x86)/atmel/atmel toolchain/avr8 gcc/native/3.4.1061/avr8-gnu-toolchain/bin/../lib/gcc/avr/4.8.1/avr5\libgcc.a(_divmodhi4.o)
 .text.libgcc.mul
                0x00000000        0x0 c:/program files (x86)/atmel/atmel toolchain/avr8 gcc/native/3.4.1061/avr8-gnu-toolchain/bin/../lib/gcc/avr/4.8.1/avr5\libgcc.a(_divmodhi4.o)
 .text.libgcc   0x00000000        0x0 c:/program files (x86)/atmel/atmel toolchain/avr8 gcc/native/3.4.1061/avr8-gnu-toolchain/bin/../lib/gcc/avr/4.8.1/avr5\libgcc.a(_divmodhi4.o)
 .text.libgcc.prologue
                0x00000000        0x0 c:/program files (x86)/atmel/atmel toolchain/avr8 gcc/native/3.4.1061/avr8-gnu-toolchain/bin/../lib/gcc/avr/4.8.1/avr5\libgcc.a(_divmodhi4.o)
 .text.libgcc.builtins
                0x00000000        0x0 c:/program files (x86)/atmel/atmel toolchain/avr8 gcc/native/3.4.1061/avr8-gnu-toolchain/bin/../lib/gcc/avr/4.8.1/avr5\libgcc.a(_divmodhi4.o)
 .text.libgcc.fmul
                0x00000000        0x0 c:/program files (x86)/atmel/atmel toolchain/avr8 gcc/native/3.4.1061/avr8-gnu-toolchain/bin/../lib/gcc/avr/4.8.1/avr5\libgcc.a(_divmodhi4.o)
 .text.libgcc.fixed
                0x00000000        0x0 c:/program files (x86)/atmel/atmel toolchain/avr8 gcc/native/3.4.1061/avr8-gnu-toolchain/bin/../lib/gcc/avr/4.8.1/avr5\libgcc.a(_divmodhi4.o)
 .text          0x00000000        0x0 c:/program files (x86)/atmel/atmel toolchain/avr8 gcc/native/3.4.1061/avr8-gnu-toolchain/bin/../lib/gcc/avr/4.8.1/avr5\libgcc.a(_exit.o)
 .data          0x00000000        0x0 c:/program files (x86)/atmel/atmel toolchain/avr8 gcc/native/3.4.1061/avr8-gnu-toolchain/bin/../lib/gcc/avr/4.8.1/avr5\libgcc.a(_exit.o)
 .bss           0x00000000        0x0 c:/program files (x86)/atmel/atmel toolchain/avr8 gcc/native/3.4.1061/avr8-gnu-toolchain/bin/../lib/gcc/avr/4.8.1/avr5\libgcc.a(_exit.o)
 .text.libgcc.mul
                0x00000000        0x0 c:/program files (x86)/atmel/atmel toolchain/avr8 gcc/native/3.4.1061/avr8-gnu-toolchain/bin/../lib/gcc/avr/4.8.1/avr5\libgcc.a(_exit.o)
 .text.libgcc.div
                0x00000000        0x0 c:/program files (x86)/atmel/atmel toolchain/avr8 gcc/native/3.4.1061/avr8-gnu-toolchain/bin/../lib/gcc/avr/4.8.1/avr5\libgcc.a(_exit.o)
 .text.libgcc   0x00000000        0x0 c:/program files (x86)/atmel/atmel toolchain/avr8 gcc/native/3.4.1061/avr8-gnu-toolchain/bin/../lib/gcc/avr/4.8.1/avr5\libgcc.a(_exit.o)
 .text.libgcc.prologue
                0x00000000        0x0 c:/program files (x86)/atmel/atmel toolchain/avr8 gcc/native/3.4.1061/avr8-gnu-toolchain/bin/../lib/gcc/avr/4.8.1/avr5\libgcc.a(_exit.o)
 .text.libgcc.builtins
                0x00000000        0x0 c:/program files (x86)/atmel/atmel toolchain/avr8 gcc/native/3.4.1061/avr8-gnu-toolchain/bin/../lib/gcc/avr/4.8.1/avr5\libgcc.a(_exit.o)
 .text.libgcc.fmul
                0x00000000        0x0 c:/program files (x86)/atmel/atmel toolchain/avr8 gcc/native/3.4.1061/avr8-gnu-toolchain/bin/../lib/gcc/avr/4.8.1/avr5\libgcc.a(_exit.o)
 .text.libgcc.fixed
                0x00000000        0x0 c:/program files (x86)/atmel/atmel toolchain/avr8 gcc/native/3.4.1061/avr8-gnu-toolchain/bin/../lib/gcc/avr/4.8.1/avr5\libgcc.a(_exit.o)
 .text          0x00000000        0x0 c:/program files (x86)/atmel/atmel toolchain/avr8 gcc/native/3.4.1061/avr8-gnu-toolchain/bin/../lib/gcc/avr/4.8.1/avr5\libgcc.a(_tablejump.o)
 .data          0x00000000        0x0 c:/program files (x86)/atmel/atmel toolchain/avr8 gcc/native/3.4.1061/avr8-gnu-toolchain/bin/../lib/gcc/avr/4.8.1/avr5\libgcc.a(_tablejump.o)
 .bss           0x00000000        0x0 c:/program files (x86)/atmel/atmel toolchain/avr8 gcc/native/3.4.1061/avr8-gnu-toolchain/bin/../lib/gcc/avr/4.8.1/avr5\libgcc.a(_tablejump.o)
 .text.libgcc.mul
                0x00000000        0x0 c:/program files (x86)/atmel/atmel toolchain/avr8 gcc/native/3.4.1061/avr8-gnu-toolchain/bin/../lib/gcc/avr/4.8.1/avr5\libgcc.a(_tablejump.o)
 .text.libgcc.div
                0x00000000        0x0 c:/program files (x86)/atmel/atmel toolchain/avr8 gcc/native/3.4.1061/avr8-gnu-toolchain/bin/../lib/gcc/avr/4.8.1/avr5\libgcc.a(_tablejump.o)
 .text.libgcc.prologue
                0x00000000        0x0 c:/program files (x86)/atmel/atmel toolchain/avr8 gcc/native/3.4.1061/avr8-gnu-toolchain/bin/../lib/gcc/avr/4.8.1/avr5\libgcc.a(_tablejump.o)
 .text.libgcc.builtins
                0x00000000        0x0 c:/program files (x86)/atmel/atmel toolchain/avr8 gcc/native/3.4.1061/avr8-gnu-toolchain/bin/../lib/gcc/avr/4.8.1/avr5\libgcc.a(_tablejump.o)
 .text.libgcc.fmul
                0x00000000        0x0 c:/program files (x86)/atmel/atmel toolchain/avr8 gcc/native/3.4.1061/avr8-gnu-toolchain/bin/../lib/gcc/avr/4.8.1/avr5\libgcc.a(_tablejump.o)
 .text.libgcc.fixed
                0x00000000        0x0 c:/program files (x86)/atmel/atmel toolchain/avr8 gcc/native/3.4.1061/avr8-gnu-toolchain/bin/../lib/gcc/avr/4.8.1/avr5\libgcc.a(_tablejump.o)
 .text          0x00000000        0x0 c:/program files (x86)/atmel/atmel toolchain/avr8 gcc/native/3.4.1061/avr8-gnu-toolchain/bin/../lib/gcc/avr/4.8.1/avr5\libgcc.a(_copy_data.o)
 .data          0x00000000        0x0 c:/program files (x86)/atmel/atmel toolchain/avr8 gcc/native/3.4.1061/avr8-gnu-toolchain/bin/../lib/gcc/avr/4.8.1/avr5\libgcc.a(_copy_data.o)
 .bss           0x00000000        0x0 c:/program files (x86)/atmel/atmel toolchain/avr8 gcc/native/3.4.1061/avr8-gnu-toolchain/bin/../lib/gcc/avr/4.8.1/avr5\libgcc.a(_copy_data.o)
 .text.libgcc.mul
                0x00000000        0x0 c:/program files (x86)/atmel/atmel toolchain/avr8 gcc/native/3.4.1061/avr8-gnu-toolchain/bin/../lib/gcc/avr/4.8.1/avr5\libgcc.a(_copy_data.o)
 .text.libgcc.div
                0x00000000        0x0 c:/program files (x86)/atmel/atmel toolchain/avr8 gcc/native/3.4.1061/avr8-gnu-toolchain/bin/../lib/gcc/avr/4.8.1/avr5\libgcc.a(_copy_data.o)
 .text.libgcc   0x00000000        0x0 c:/program files (x86)/atmel/atmel toolchain/avr8 gcc/native/3.4.1061/avr8-gnu-toolchain/bin/../lib/gcc/avr/4.8.1/avr5\libgcc.a(_copy_data.o)
 .text.libgcc.prologue
                0x00000000        0x0 c:/program files (x86)/atmel/atmel toolchain/avr8 gcc/native/3.4.1061/avr8-gnu-toolchain/bin/../lib/gcc/avr/4.8.1/avr5\libgcc.a(_copy_data.o)
 .text.libgcc.builtins
                0x00000000        0x0 c:/program files (x86)/atmel/atmel toolchain/avr8 gcc/native/3.4.1061/avr8-gnu-toolchain/bin/../lib/gcc/avr/4.8.1/avr5\libgcc.a(_copy_data.o)
 .text.libgcc.fmul
                0x00000000        0x0 c:/program files (x86)/atmel/atmel toolchain/avr8 gcc/native/3.4.1061/avr8-gnu-toolchain/bin/../lib/gcc/avr/4.8.1/avr5\libgcc.a(_copy_data.o)
 .text.libgcc.fixed
                0x00000000        0x0 c:/program files (x86)/atmel/atmel toolchain/avr8 gcc/native/3.4.1061/avr8-gnu-toolchain/bin/../lib/gcc/avr/4.8.1/avr5\libgcc.a(_copy_data.o)
 .text          0x00000000        0x0 c:/program files (x86)/atmel/atmel toolchain/avr8 gcc/native/3.4.1061/avr8-gnu-toolchain/bin/../lib/gcc/avr/4.8.1/avr5\libgcc.a(_clear_bss.o)
 .data          0x00000000        0x0 c:/program files (x86)/atmel/atmel toolchain/avr8 gcc/native/3.4.1061/avr8-gnu-toolchain/bin/../lib/gcc/avr/4.8.1/avr5\libgcc.a(_clear_bss.o)
 .bss           0x00000000        0x0 c:/program files (x86)/atmel/atmel toolchain/avr8 gcc/native/3.4.1061/avr8-gnu-toolchain/bin/../lib/gcc/avr/4.8.1/avr5\libgcc.a(_clear_bss.o)
 .text.libgcc.mul
                0x00000000        0x0 c:/program files (x86)/atmel/atmel toolchain/avr8 gcc/native/3.4.1061/avr8-gnu-toolchain/bin/../lib/gcc/avr/4.8.1/avr5\libgcc.a(_clear_bss.o)
 .text.libgcc.div
                0x00000000        0x0 c:/program files (x86)/atmel/atmel toolchain/avr8 gcc/native/3.4.1061/avr8-gnu-toolchain/bin/../lib/gcc/avr/4.8.1/avr5\libgcc.a(_clear_bss.o)
 .text.libgcc   0x00000000        0x0 c:/program files (x86)/atmel/atmel toolchain/avr8 gcc/native/3.4.1061/avr8-gnu-toolchain/bin/../lib/gcc/avr/4.8.1/avr5\libgcc.a(_clear_bss.o)
 .text.libgcc.prologue
                0x00000000        0x0 c:/program files (x86)/atmel/atmel toolchain/avr8 gcc/native/3.4.1061/avr8-gnu-toolchain/bin/../lib/gcc/avr/4.8.1/avr5\libgcc.a(_clear_bss.o)
 .text.libgcc.builtins
                0x00000000        0x0 c:/program files (x86)/atmel/atmel toolchain/avr8 gcc/native/3.4.1061/avr8-gnu-toolchain/bin/../lib/gcc/avr/4.8.1/avr5\libgcc.a(_clear_bss.o)
 .text.libgcc.fmul
                0x00000000        0x0 c:/program files (x86)/atmel/atmel toolchain/avr8 gcc/native/3.4.1061/avr8-gnu-toolchain/bin/../lib/gcc/avr/4.8.1/avr5\libgcc.a(_clear_bss.o)
 .text.libgcc.fixed
                0x00000000        0x0 c:/program files (x86)/atmel/atmel toolchain/avr8 gcc/native/3.4.1061/avr8-gnu-toolchain/bin/../lib/gcc/avr/4.8.1/avr5\libgcc.a(_clear_bss.o)
 .text          0x00000000        0x0 c:/program files (x86)/atmel/atmel toolchain/avr8 gcc/native/3.4.1061/avr8-gnu-toolchain/bin/../lib/gcc/avr/4.8.1/avr5\libgcc.a(_umulhisi3.o)
 .data          0x00000000        0x0 c:/program files (x86)/atmel/atmel toolchain/avr8 gcc/native/3.4.1061/avr8-gnu-toolchain/bin/../lib/gcc/avr/4.8.1/avr5\libgcc.a(_umulhisi3.o)
 .bss           0x00000000        0x0 c:/program files (x86)/atmel/atmel toolchain/avr8 gcc/native/3.4.1061/avr8-gnu-toolchain/bin/../lib/gcc/avr/4.8.1/avr5\libgcc.a(_umulhisi3.o)
 .text.libgcc.div
                0x00000000        0x0 c:/program files (x86)/atmel/atmel toolchain/avr8 gcc/native/3.4.1061/avr8-gnu-toolchain/bin/../lib/gcc/avr/4.8.1/avr5\libgcc.a(_umulhisi3.o)
 .text.libgcc   0x00000000        0x0 c:/program files (x86)/atmel/atmel toolchain/avr8 gcc/native/3.4.1061/avr8-gnu-toolchain/bin/../lib/gcc/avr/4.8.1/avr5\libgcc.a(_umulhisi3.o)
 .text.libgcc.prologue
                0x00000000        0x0 c:/program files (x86)/atmel/atmel toolchain/avr8 gcc/native/3.4.1061/avr8-gnu-toolchain/bin/../lib/gcc/avr/4.8.1/avr5\libgcc.a(_umulhisi3.o)
 .text.libgcc.builtins
                0x00000000        0x0 c:/program files (x86)/atmel/atmel toolchain/avr8 gcc/native/3.4.1061/avr8-gnu-toolchain/bin/../lib/gcc/avr/4.8.1/avr5\libgcc.a(_umulhisi3.o)
 .text.libgcc.fmul
                0x00000000        0x0 c:/program files (x86)/atmel/atmel toolchain/avr8 gcc/native/3.4.1061/avr8-gnu-toolchain/bin/../lib/gcc/avr/4.8.1/avr5\libgcc.a(_umulhisi3.o)
 .text.libgcc.fixed
                0x00000000        0x0 c:/program files (x86)/atmel/atmel toolchain/avr8 gcc/native/3.4.1061/avr8-gnu-toolchain/bin/../lib/gcc/avr/4.8.1/avr5\libgcc.a(_umulhisi3.o)
 .text          0x00000000        0x0 c:/program files (x86)/atmel/atmel toolchain/avr8 gcc/native/3.4.1061/avr8-gnu-toolchain/bin/../lib/gcc/avr/4.8.1/avr5\libgcc.a(_usmulhisi3.o)
 .data          0x00000000        0x0 c:/program files (x86)/atmel/atmel toolchain/avr8 gcc/native/3.4.1061/avr8-gnu-toolchain/bin/../lib/gcc/avr/4.8.1/avr5\libgcc.a(_usmulhisi3.o)
 .bss           0x00000000        0x0 c:/program files (x86)/atmel/atmel toolchain/avr8 gcc/native/3.4.1061/avr8-gnu-toolchain/bin/../lib/gcc/avr/4.8.1/avr5\libgcc.a(_usmulhisi3.o)
 .text.libgcc.div
                0x00000000        0x0 c:/program files (x86)/atmel/atmel toolchain/avr8 gcc/native/3.4.1061/avr8-gnu-toolchain/bin/../lib/gcc/avr/4.8.1/avr5\libgcc.a(_usmulhisi3.o)
 .text.libgcc   0x00000000        0x0 c:/program files (x86)/atmel/atmel toolchain/avr8 gcc/native/3.4.1061/avr8-gnu-toolchain/bin/../lib/gcc/avr/4.8.1/avr5\libgcc.a(_usmulhisi3.o)
 .text.libgcc.prologue
                0x00000000        0x0 c:/program files (x86)/atmel/atmel toolchain/avr8 gcc/native/3.4.1061/avr8-gnu-toolchain/bin/../lib/gcc/avr/4.8.1/avr5\libgcc.a(_usmulhisi3.o)
 .text.libgcc.builtins
                0x00000000        0x0 c:/program files (x86)/atmel/atmel toolchain/avr8 gcc/native/3.4.1061/avr8-gnu-toolchain/bin/../lib/gcc/avr/4.8.1/avr5\libgcc.a(_usmulhisi3.o)
 .text.libgcc.fmul
                0x00000000        0x0 c:/program files (x86)/atmel/atmel toolchain/avr8 gcc/native/3.4.1061/avr8-gnu-toolchain/bin/../lib/gcc/avr/4.8.1/avr5\libgcc.a(_usmulhisi3.o)
 .text.libgcc.fixed
                0x00000000        0x0 c:/program files (x86)/atmel/atmel toolchain/avr8 gcc/native/3.4.1061/avr8-gnu-toolchain/bin/../lib/gcc/avr/4.8.1/avr5\libgcc.a(_usmulhisi3.o)
 .text          0x00000000        0x0 c:/program files (x86)/atmel/atmel toolchain/avr8 gcc/native/3.4.1061/avr8-gnu-toolchain/bin/../lib/gcc/avr/4.8.1/avr5\libgcc.a(_udivmodhi4.o)
 .data          0x00000000        0x0 c:/program files (x86)/atmel/atmel toolchain/avr8 gcc/native/3.4.1061/avr8-gnu-toolchain/bin/../lib/gcc/avr/4.8.1/avr5\libgcc.a(_udivmodhi4.o)
 .bss           0x00000000        0x0 c:/program files (x86)/atmel/atmel toolchain/avr8 gcc/native/3.4.1061/avr8-gnu-toolchain/bin/../lib/gcc/avr/4.8.1/avr5\libgcc.a(_udivmodhi4.o)
 .text.libgcc.mul
                0x00000000        0x0 c:/program files (x86)/atmel/atmel toolchain/avr8 gcc/native/3.4.1061/avr8-gnu-toolchain/bin/../lib/gcc/avr/4.8.1/avr5\libgcc.a(_udivmodhi4.o)
 .text.libgcc   0x00000000        0x0 c:/program files (x86)/atmel/atmel toolchain/avr8 gcc/native/3.4.1061/avr8-gnu-toolchain/bin/../lib/gcc/avr/4.8.1/avr5\libgcc.a(_udivmodhi4.o)
 .text.libgcc.prologue
                0x00000000        0x0 c:/program files (x86)/atmel/atmel toolchain/avr8 gcc/native/3.4.1061/avr8-gnu-toolchain/bin/../lib/gcc/avr/4.8.1/avr5\libgcc.a(_udivmodhi4.o)
 .text.libgcc.builtins
                0x00000000        0x0 c:/program files (x86)/atmel/atmel toolchain/avr8 gcc/native/3.4.1061/avr8-gnu-toolchain/bin/../lib/gcc/avr/4.8.1/avr5\libgcc.a(_udivmodhi4.o)
 .text.libgcc.fmul
                0x00000000        0x0 c:/program files (x86)/atmel/atmel toolchain/avr8 gcc/native/3.4.1061/avr8-gnu-toolchain/bin/../lib/gcc/avr/4.8.1/avr5\libgcc.a(_udivmodhi4.o)
 .text.libgcc.fixed
                0x00000000        0x0 c:/program files (x86)/atmel/atmel toolchain/avr8 gcc/native/3.4.1061/avr8-gnu-toolchain/bin/../lib/gcc/avr/4.8.1/avr5\libgcc.a(_udivmodhi4.o)
 .text          0x00000000        0x0 c:/program files (x86)/atmel/atmel toolchain/avr8 gcc/native/3.4.1061/avr8-gnu-toolchain/bin/../lib/gcc/avr/4.8.1/../../../../avr/lib/avr5\libc.a(itoa_ncheck.o)
 .data          0x00000000        0x0 c:/program files (x86)/atmel/atmel toolchain/avr8 gcc/native/3.4.1061/avr8-gnu-toolchain/bin/../lib/gcc/avr/4.8.1/../../../../avr/lib/avr5\libc.a(itoa_ncheck.o)
 .bss           0x00000000        0x0 c:/program files (x86)/atmel/atmel toolchain/avr8 gcc/native/3.4.1061/avr8-gnu-toolchain/bin/../lib/gcc/avr/4.8.1/../../../../avr/lib/avr5\libc.a(itoa_ncheck.o)
 .text          0x00000000        0x0 c:/program files (x86)/atmel/atmel toolchain/avr8 gcc/native/3.4.1061/avr8-gnu-toolchain/bin/../lib/gcc/avr/4.8.1/../../../../avr/lib/avr5\libc.a(utoa_ncheck.o)
 .data          0x00000000        0x0 c:/program files (x86)/atmel/atmel toolchain/avr8 gcc/native/3.4.1061/avr8-gnu-toolchain/bin/../lib/gcc/avr/4.8.1/../../../../avr/lib/avr5\libc.a(utoa_ncheck.o)
 .bss           0x00000000        0x0 c:/program files (x86)/atmel/atmel toolchain/avr8 gcc/native/3.4.1061/avr8-gnu-toolchain/bin/../lib/gcc/avr/4.8.1/../../../../avr/lib/avr5\libc.a(utoa_ncheck.o)
 .text          0x00000000        0x0 c:/program files (x86)/atmel/atmel toolchain/avr8 gcc/native/3.4.1061/avr8-gnu-toolchain/bin/../lib/gcc/avr/4.8.1/../../../../avr/lib/avr5\libc.a(strrev.o)
 .data          0x00000000        0x0 c:/program files (x86)/atmel/atmel toolchain/avr8 gcc/native/3.4.1061/avr8-gnu-toolchain/bin/../lib/gcc/avr/4.8.1/../../../../avr/lib/avr5\libc.a(strrev.o)
 .bss           0x00000000        0x0 c:/program files (x86)/atmel/atmel toolchain/avr8 gcc/native/3.4.1061/avr8-gnu-toolchain/bin/../lib/gcc/avr/4.8.1/../../../../avr/lib/avr5\libc.a(strrev.o)

Memory Configuration

Name             Origin             Length             Attributes
text             0x00000000         0x00020000         xr
data             0x00800060         0x0000ffa0         rw !x
eeprom           0x00810000         0x00010000         rw !x
fuse             0x00820000         0x00000400         rw !x
lock             0x00830000         0x00000400         rw !x
signature        0x00840000         0x00000400         rw !x
user_signatures  0x00850000         0x00000400         rw !x
*default*        0x00000000         0xffffffff

Linker script and memory map

Address of section .data set to 0x800100
LOAD c:/program files (x86)/atmel/atmel toolchain/avr8 gcc/native/3.4.1061/avr8-gnu-toolchain/bin/../lib/gcc/avr/4.8.1/../../../../avr/lib/avr5/crtcan32.o
LOAD ADC.o
LOAD button.o
LOAD can_drv.o
LOAD CAN_LCD.o
LOAD can_lib.o
LOAD delay.o
LOAD graphic.o
LOAD pwm001.o
LOAD SPLC501C-AVR.o
LOAD SPLC501C.o
LOAD timer.o
START GROUP
LOAD c:/program files (x86)/atmel/atmel toolchain/avr8 gcc/native/3.4.1061/avr8-gnu-toolchain/bin/../lib/gcc/avr/4.8.1/../../../../avr/lib/avr5\libm.a
END GROUP
START GROUP
LOAD c:/program files (x86)/atmel/atmel toolchain/avr8 gcc/native/3.4.1061/avr8-gnu-toolchain/bin/../lib/gcc/avr/4.8.1/avr5\libgcc.a
LOAD c:/program files (x86)/atmel/atmel toolchain/avr8 gcc/native/3.4.1061/avr8-gnu-toolchain/bin/../lib/gcc/avr/4.8.1/../../../../avr/lib/avr5\libm.a
LOAD c:/program files (x86)/atmel/atmel toolchain/avr8 gcc/native/3.4.1061/avr8-gnu-toolchain/bin/../lib/gcc/avr/4.8.1/../../../../avr/lib/avr5\libc.a
END GROUP

.hash
 *(.hash)

.dynsym
 *(.dynsym)

.dynstr
 *(.dynstr)

.gnu.version
 *(.gnu.version)

.gnu.version_d
 *(.gnu.version_d)

.gnu.version_r
 *(.gnu.version_r)

.rel.init
 *(.rel.init)

.rela.init
 *(.rela.init)

.rel.text
 *(.rel.text)
 *(.rel.text.*)
 *(.rel.gnu.linkonce.t*)

.rela.text
 *(.rela.text)
 *(.rela.text.*)
 *(.rela.gnu.linkonce.t*)

.rel.fini
 *(.rel.fini)

.rela.fini
 *(.rela.fini)

.rel.rodata
 *(.rel.rodata)
 *(.rel.rodata.*)
 *(.rel.gnu.linkonce.r*)

.rela.rodata
 *(.rela.rodata)
 *(.rela.rodata.*)
 *(.rela.gnu.linkonce.r*)

.rel.data
 *(.rel.data)
 *(.rel.data.*)
 *(.rel.gnu.linkonce.d*)

.rela.data
 *(.rela.data)
 *(.rela.data.*)
 *(.rela.gnu.linkonce.d*)

.rel.ctors
 *(.rel.ctors)

.rela.ctors
 *(.rela.ctors)

.rel.dtors
 *(.rel.dtors)

.rela.dtors
 *(.rela.dtors)

.rel.got
 *(.rel.got)

.rela.got
 *(.rela.got)

.rel.bss
 *(.rel.bss)

.rela.bss
 *(.rela.bss)

.rel.plt
 *(.rel.plt)

.rela.plt
 *(.rela.plt)

.text           0x00000000     0x1e96
 *(.vectors)
 .vectors       0x00000000       0x94 c:/program files (x86)/atmel/atmel toolchain/avr8 gcc/native/3.4.1061/avr8-gnu-toolchain/bin/../lib/gcc/avr/4.8.1/../../../../avr/lib/avr5/crtcan32.o
                0x00000000                __vector_default
                0x00000000                __vectors
 *(.vectors)
 *(.progmem.gcc*)
 .progmem.gcc_sw_table.can_cmd
                0x00000094       0x16 can_lib.o
                0x000000aa                . = ALIGN (0x2)
                0x000000aa                __trampolines_start = .
 *(.trampolines)
 .trampolines   0x000000aa        0x0 linker stubs
 *(.trampolines*)
                0x000000aa                __trampolines_end = .
 *(.progmem*)
 .progmem.data.__c.2430
                0x000000aa        0x2 CAN_LCD.o
 .progmem.data.__c.2428
                0x000000ac        0xb CAN_LCD.o
 .progmem.data.__c.2426
                0x000000b7        0x2 CAN_LCD.o
 .progmem.data.__c.2424
                0x000000b9        0xa CAN_LCD.o
 .progmem.data.__c.2422
                0x000000c3        0x2 CAN_LCD.o
 .progmem.data.__c.2420
                0x000000c5        0x7 CAN_LCD.o
 .progmem.data.__c.2418
                0x000000cc        0x3 CAN_LCD.o
 .progmem.data.__c.2416
                0x000000cf        0x6 CAN_LCD.o
 .progmem.data.__c.2414
                0x000000d5        0x3 CAN_LCD.o
 .progmem.data.__c.2412
                0x000000d8        0x6 CAN_LCD.o
 .progmem.data.__c.2410
                0x000000de        0x2 CAN_LCD.o
 .progmem.data.__c.2408
                0x000000e0        0x9 CAN_LCD.o
 .progmem.data.__c.2406
                0x000000e9        0x2 CAN_LCD.o
 .progmem.data.__c.2404
                0x000000eb        0x9 CAN_LCD.o
 .progmem.data.__c.2402
                0x000000f4        0x8 CAN_LCD.o
 .progmem.data.__c.2399
                0x000000fc       0x10 CAN_LCD.o
 .progmem.data.__c.2396
                0x0000010c        0xb CAN_LCD.o
 .progmem.data.__c.2393
                0x00000117        0xe CAN_LCD.o
 .progmem.data.__c.2390
                0x00000125        0xa CAN_LCD.o
 .progmem.data.__c.2387
                0x0000012f        0xb CAN_LCD.o
 .progmem.data.__c.2384
                0x0000013a        0xd CAN_LCD.o
 .progmem.data.__c.2381
                0x00000147        0xd CAN_LCD.o
 .progmem.data.__c.2378
                0x00000154        0x6 CAN_LCD.o
 .progmem.data.__c.2375
                0x0000015a        0x6 CAN_LCD.o
 .progmem.data.__c.2372
                0x00000160        0xd CAN_LCD.o
 .progmem.data.__c.2369
                0x0000016d        0xd CAN_LCD.o
 .progmem.data.__c.2366
                0x0000017a        0x9 CAN_LCD.o
 .progmem.data.__c.2363
                0x00000183        0xe CAN_LCD.o
 .progmem.data.__c.2360
                0x00000191        0xc CAN_LCD.o
 .progmem.data.__c.2357
                0x0000019d        0xc CAN_LCD.o
 .progmem.data.__c.2353
                0x000001a9        0x5 CAN_LCD.o
 .progmem.data.__c.2350
                0x000001ae        0xf CAN_LCD.o
 .progmem.data.__c.2348
                0x000001bd        0x8 CAN_LCD.o
 .progmem.data.font5x7
                0x000001c5      0x1e0 SPLC501C.o
                0x000001c5                font5x7
                0x000003a6                . = ALIGN (0x2)
 *fill*         0x000003a5        0x1 
 *(.jumptables)
 *(.jumptables*)
 *(.lowtext)
 *(.lowtext*)
                0x000003a6                __ctors_start = .
 *(.ctors)
                0x000003a6                __ctors_end = .
                0x000003a6                __dtors_start = .
 *(.dtors)
                0x000003a6                __dtors_end = .
 SORT(*)(.ctors)
 SORT(*)(.dtors)
 *(.init0)
 .init0         0x000003a6        0x0 c:/program files (x86)/atmel/atmel toolchain/avr8 gcc/native/3.4.1061/avr8-gnu-toolchain/bin/../lib/gcc/avr/4.8.1/../../../../avr/lib/avr5/crtcan32.o
                0x000003a6                __init
 *(.init0)
 *(.init1)
 *(.init1)
 *(.init2)
 .init2         0x000003a6        0xc c:/program files (x86)/atmel/atmel toolchain/avr8 gcc/native/3.4.1061/avr8-gnu-toolchain/bin/../lib/gcc/avr/4.8.1/../../../../avr/lib/avr5/crtcan32.o
 *(.init2)
 *(.init3)
 *(.init3)
 *(.init4)
 .init4         0x000003b2       0x16 c:/program files (x86)/atmel/atmel toolchain/avr8 gcc/native/3.4.1061/avr8-gnu-toolchain/bin/../lib/gcc/avr/4.8.1/avr5\libgcc.a(_copy_data.o)
                0x000003b2                __do_copy_data
 .init4         0x000003c8       0x10 c:/program files (x86)/atmel/atmel toolchain/avr8 gcc/native/3.4.1061/avr8-gnu-toolchain/bin/../lib/gcc/avr/4.8.1/avr5\libgcc.a(_clear_bss.o)
                0x000003c8                __do_clear_bss
 *(.init4)
 *(.init5)
 *(.init5)
 *(.init6)
 *(.init6)
 *(.init7)
 *(.init7)
 *(.init8)
 *(.init8)
 *(.init9)
 .init9         0x000003d8        0x8 c:/program files (x86)/atmel/atmel toolchain/avr8 gcc/native/3.4.1061/avr8-gnu-toolchain/bin/../lib/gcc/avr/4.8.1/../../../../avr/lib/avr5/crtcan32.o
 *(.init9)
 *(.text)
 .text          0x000003e0        0x4 c:/program files (x86)/atmel/atmel toolchain/avr8 gcc/native/3.4.1061/avr8-gnu-toolchain/bin/../lib/gcc/avr/4.8.1/../../../../avr/lib/avr5/crtcan32.o
                0x000003e0                __vector_22
                0x000003e0                __vector_28
                0x000003e0                __vector_32
                0x000003e0                __vector_34
                0x000003e0                __vector_24
                0x000003e0                __vector_12
                0x000003e0                __bad_interrupt
                0x000003e0                __vector_6
                0x000003e0                __vector_31
                0x000003e0                __vector_35
                0x000003e0                __vector_23
                0x000003e0                __vector_30
                0x000003e0                __vector_13
                0x000003e0                __vector_17
                0x000003e0                __vector_19
                0x000003e0                __vector_7
                0x000003e0                __vector_27
                0x000003e0                __vector_5
                0x000003e0                __vector_33
                0x000003e0                __vector_21
                0x000003e0                __vector_15
                0x000003e0                __vector_36
                0x000003e0                __vector_29
                0x000003e0                __vector_8
                0x000003e0                __vector_26
                0x000003e0                __vector_14
                0x000003e0                __vector_10
                0x000003e0                __vector_16
                0x000003e0                __vector_18
                0x000003e0                __vector_20
                0x000003e4                . = ALIGN (0x2)
 *(.text.*)
 .text.__vector_25
                0x000003e4       0x36 ADC.o
                0x000003e4                __vector_25
 .text.Init_Buttons
                0x0000041a       0x34 button.o
                0x0000041a                Init_Buttons
 .text.__vector_1
                0x0000044e       0x22 button.o
                0x0000044e                __vector_1
 .text.__vector_2
                0x00000470       0x22 button.o
                0x00000470                __vector_2
 .text.__vector_3
                0x00000492       0x22 button.o
                0x00000492                __vector_3
 .text.__vector_4
                0x000004b4       0x24 button.o
                0x000004b4                __vector_4
 .text.__vector_11
                0x000004d8       0x22 button.o
                0x000004d8                __vector_11
 .text.can_clear_all_mob
                0x000004fa       0x26 can_drv.o
                0x000004fa                can_clear_all_mob
 .text.can_get_mob_free
                0x00000520       0x40 can_drv.o
                0x00000520                can_get_mob_free
 .text.can_get_mob_status
                0x00000560       0x2c can_drv.o
                0x00000560                can_get_mob_status
 .text.can_get_data
                0x0000058c       0x38 can_drv.o
                0x0000058c                can_get_data
 .text.can_fixed_baudrate
                0x000005c4       0x1c can_drv.o
                0x000005c4                can_fixed_baudrate
 .text.Send_Sync
                0x000005e0       0x64 CAN_LCD.o
                0x000005e0                Send_Sync
 .text.Receive_Msg
                0x00000644       0x38 CAN_LCD.o
                0x00000644                Receive_Msg
 .text.main     0x0000067c      0x58c CAN_LCD.o
                0x0000067c                main
 .text.can_init
                0x00000c08       0x1e can_lib.o
                0x00000c08                can_init
 .text.can_cmd  0x00000c26      0xa5e can_lib.o
                0x00000c26                can_cmd
 .text.can_get_status
                0x00001684      0x150 can_lib.o
                0x00001684                can_get_status
 .text.GLCD_Rectangle
                0x000017d4       0x78 graphic.o
                0x000017d4                GLCD_Rectangle
 .text.GLCD_Rectangle_Full
                0x0000184c       0x4c graphic.o
                0x0000184c                GLCD_Rectangle_Full
 .text.GLCD_Rectangle_Clear
                0x00001898       0x50 graphic.o
                0x00001898                GLCD_Rectangle_Clear
 .text.GLCD_InitializePorts
                0x000018e8       0x24 SPLC501C-AVR.o
                0x000018e8                GLCD_InitializePorts
 .text.GLCD_WriteData
                0x0000190c       0x56 SPLC501C-AVR.o
                0x0000190c                GLCD_WriteData
 .text.GLCD_WriteCommand
                0x00001962       0x10 SPLC501C-AVR.o
                0x00001962                GLCD_WriteCommand
 .text.Tab_GoTo
                0x00001972       0x16 SPLC501C-AVR.o
                0x00001972                Tab_GoTo
 .text.GLCD_ReadData
                0x00001988       0x28 SPLC501C-AVR.o
                0x00001988                GLCD_ReadData
 .text.GLCD_Initialize
                0x000019b0       0x90 SPLC501C.o
                0x000019b0                GLCD_Initialize
 .text.GLCD_GoTo
                0x00001a40       0x30 SPLC501C.o
                0x00001a40                GLCD_GoTo
 .text.GLCD_ClearScreen
                0x00001a70       0x2c SPLC501C.o
                0x00001a70                GLCD_ClearScreen
 .text.GLCD_WriteChar
                0x00001a9c       0x4a SPLC501C.o
                0x00001a9c                GLCD_WriteChar
 .text.GLCD_WriteString_progmem
                0x00001ae6       0x24 SPLC501C.o
                0x00001ae6                GLCD_WriteString_progmem
 .text.GLCD_WriteString
                0x00001b0a       0x1e SPLC501C.o
                0x00001b0a                GLCD_WriteString
 .text.GLCD_SetPixel
                0x00001b28       0xc4 SPLC501C.o
                0x00001b28                GLCD_SetPixel
 .text.GLCD_voltage
                0x00001bec       0xc8 SPLC501C.o
                0x00001bec                GLCD_voltage
 .text.GLCD_dec
                0x00001cb4       0x36 SPLC501C.o
                0x00001cb4                GLCD_dec
 .text.init_rtc
                0x00001cea       0x32 timer.o
                0x00001cea                init_rtc
 .text.timer_get
                0x00001d1c        0xa timer.o
                0x00001d1c                timer_get
 .text.timer_time_elapsed
                0x00001d26       0x22 timer.o
                0x00001d26                timer_time_elapsed
 .text.timer_new_tick
                0x00001d48       0x2a timer.o
                0x00001d48                timer_new_tick
 .text.__vector_9
                0x00001d72       0x2e timer.o
                0x00001d72                __vector_9
 .text.libgcc.div
                0x00001da0       0x28 c:/program files (x86)/atmel/atmel toolchain/avr8 gcc/native/3.4.1061/avr8-gnu-toolchain/bin/../lib/gcc/avr/4.8.1/avr5\libgcc.a(_divmodhi4.o)
                0x00001da0                _div
                0x00001da0                __divmodhi4
 .text.libgcc   0x00001dc8        0xc c:/program files (x86)/atmel/atmel toolchain/avr8 gcc/native/3.4.1061/avr8-gnu-toolchain/bin/../lib/gcc/avr/4.8.1/avr5\libgcc.a(_tablejump.o)
                0x00001dc8                __tablejump2__
                0x00001dcc                __tablejump__
 .text.libgcc.mul
                0x00001dd4       0x1e c:/program files (x86)/atmel/atmel toolchain/avr8 gcc/native/3.4.1061/avr8-gnu-toolchain/bin/../lib/gcc/avr/4.8.1/avr5\libgcc.a(_umulhisi3.o)
                0x00001dd4                __umulhisi3
 .text.libgcc.mul
                0x00001df2        0xe c:/program files (x86)/atmel/atmel toolchain/avr8 gcc/native/3.4.1061/avr8-gnu-toolchain/bin/../lib/gcc/avr/4.8.1/avr5\libgcc.a(_usmulhisi3.o)
                0x00001df2                __usmulhisi3
                0x00001df6                __usmulhisi3_tail
 .text.libgcc.div
                0x00001e00       0x28 c:/program files (x86)/atmel/atmel toolchain/avr8 gcc/native/3.4.1061/avr8-gnu-toolchain/bin/../lib/gcc/avr/4.8.1/avr5\libgcc.a(_udivmodhi4.o)
                0x00001e00                __udivmodhi4
 .text.avr-libc
                0x00001e28       0x16 c:/program files (x86)/atmel/atmel toolchain/avr8 gcc/native/3.4.1061/avr8-gnu-toolchain/bin/../lib/gcc/avr/4.8.1/../../../../avr/lib/avr5\libc.a(itoa_ncheck.o)
                0x00001e28                __itoa_ncheck
 .text.avr-libc
                0x00001e3e       0x34 c:/program files (x86)/atmel/atmel toolchain/avr8 gcc/native/3.4.1061/avr8-gnu-toolchain/bin/../lib/gcc/avr/4.8.1/../../../../avr/lib/avr5\libc.a(utoa_ncheck.o)
                0x00001e3e                __utoa_ncheck
                0x00001e40                __utoa_common
 .text.avr-libc
                0x00001e72       0x20 c:/program files (x86)/atmel/atmel toolchain/avr8 gcc/native/3.4.1061/avr8-gnu-toolchain/bin/../lib/gcc/avr/4.8.1/../../../../avr/lib/avr5\libc.a(strrev.o)
                0x00001e72                strrev
                0x00001e92                . = ALIGN (0x2)
 *(.fini9)
 .fini9         0x00001e92        0x0 c:/program files (x86)/atmel/atmel toolchain/avr8 gcc/native/3.4.1061/avr8-gnu-toolchain/bin/../lib/gcc/avr/4.8.1/avr5\libgcc.a(_exit.o)
                0x00001e92                _exit
                0x00001e92                exit
 *(.fini9)
 *(.fini8)
 *(.fini8)
 *(.fini7)
 *(.fini7)
 *(.fini6)
 *(.fini6)
 *(.fini5)
 *(.fini5)
 *(.fini4)
 *(.fini4)
 *(.fini3)
 *(.fini3)
 *(.fini2)
 *(.fini2)
 *(.fini1)
 *(.fini1)
 *(.fini0)
 .fini0         0x00001e92        0x4 c:/program files (x86)/atmel/atmel toolchain/avr8 gcc/native/3.4.1061/avr8-gnu-toolchain/bin/../lib/gcc/avr/4.8.1/avr5\libgcc.a(_exit.o)
 *(.fini0)
                0x00001e96                _etext = .

.data           0x00800100        0x0 load address 0x00001e96
                0x00800100                PROVIDE (__data_start, .)
 *(.data)
 *(.data*)
 *(.rodata)
 *(.rodata*)
 *(.gnu.linkonce.d*)
                0x00800100                . = ALIGN (0x2)
                0x00800100                _edata = .
                0x00800100                PROVIDE (__data_end, .)

.bss            0x00800100      0x42c
                0x00800100                PROVIDE (__bss_start, .)
 *(.bss)
 *(.bss*)
 .bss.adc_irq_flag
                0x00800100        0x1 ADC.o
 .bss.adc_count
                0x00800101        0x1 ADC.o
 .bss.led_state
                0x00800102        0x1 CAN_LCD.o
                0x00800102                led_state
 .bss.LCD       0x00800103      0x420 SPLC501C-AVR.o
                0x00800103                LCD
 .bss.time_stamp.1499
                0x00800523        0x2 timer.o
 .bss.timer     0x00800525        0x2 timer.o
 *(COMMON)
 COMMON         0x00800527        0x1 button.o
                0x00800527                button_state
 COMMON         0x00800528        0x4 SPLC501C-AVR.o
                0x00800528                ys
                0x0080052a                xs
                0x0080052c                PROVIDE (__bss_end, .)
                0x00001e96                __data_load_start = LOADADDR (.data)
                0x00001e96                __data_load_end = (__data_load_start + SIZEOF (.data))

.noinit         0x0080052c        0x0
                0x0080052c                PROVIDE (__noinit_start, .)
 *(.noinit*)
                0x0080052c                PROVIDE (__noinit_end, .)
                0x0080052c                _end = .
                0x0080052c                PROVIDE (__heap_start, .)

.eeprom         0x00810000        0x0
 *(.eeprom*)
                0x00810000                __eeprom_end = .

.fuse
 *(.fuse)
 *(.lfuse)
 *(.hfuse)
 *(.efuse)

.lock
 *(.lock*)

.signature
 *(.signature*)

.user_signatures
 *(.user_signatures*)

.stab
 *(.stab)

.stabstr
 *(.stabstr)

.stab.excl
 *(.stab.excl)

.stab.exclstr
 *(.stab.exclstr)

.stab.index
 *(.stab.index)

.stab.indexstr
 *(.stab.indexstr)

.comment        0x00000000       0x30
 *(.comment)
 .comment       0x00000000       0x30 ADC.o
                                 0x31 (size before relaxing)
 .comment       0x00000000       0x31 button.o
 .comment       0x00000000       0x31 can_drv.o
 .comment       0x00000000       0x31 CAN_LCD.o
 .comment       0x00000000       0x31 can_lib.o
 .comment       0x00000000       0x31 graphic.o
 .comment       0x00000000       0x31 SPLC501C-AVR.o
 .comment       0x00000000       0x31 SPLC501C.o
 .comment       0x00000000       0x31 timer.o

.note.gnu.build-id
 *(.note.gnu.build-id)

.debug
 *(.debug)

.line
 *(.line)

.debug_srcinfo
 *(.debug_srcinfo)

.debug_sfnames
 *(.debug_sfnames)

.debug_aranges  0x00000000      0x280
 *(.debug_aranges)
 .debug_aranges
                0x00000000       0x38 ADC.o
 .debug_aranges
                0x00000038       0x48 button.o
 .debug_aranges
                0x00000080       0x48 can_drv.o
 .debug_aranges
                0x000000c8       0x38 CAN_LCD.o
 .debug_aranges
                0x00000100       0x30 can_lib.o
 .debug_aranges
                0x00000130       0x40 graphic.o
 .debug_aranges
                0x00000170       0x50 SPLC501C-AVR.o
 .debug_aranges
                0x000001c0       0x78 SPLC501C.o
 .debug_aranges
                0x00000238       0x48 timer.o

.debug_pubnames
 *(.debug_pubnames)

.debug_info     0x00000000     0x2eb2
 *(.debug_info .gnu.linkonce.wi.*)
 .debug_info    0x00000000      0x17b ADC.o
 .debug_info    0x0000017b      0x113 button.o
 .debug_info    0x0000028e      0x33f can_drv.o
 .debug_info    0x000005cd      0xf8f CAN_LCD.o
 .debug_info    0x0000155c      0x38d can_lib.o
 .debug_info    0x000018e9      0x53d graphic.o
 .debug_info    0x00001e26      0x1b7 SPLC501C-AVR.o
 .debug_info    0x00001fdd      0xd1d SPLC501C.o
 .debug_info    0x00002cfa      0x1b8 timer.o

.debug_abbrev   0x00000000      0xc25
 *(.debug_abbrev)
 .debug_abbrev  0x00000000       0xe1 ADC.o
 .debug_abbrev  0x000000e1       0x81 button.o
 .debug_abbrev  0x00000162      0x153 can_drv.o
 .debug_abbrev  0x000002b5      0x28d CAN_LCD.o
 .debug_abbrev  0x00000542      0x1c6 can_lib.o
 .debug_abbrev  0x00000708       0xd6 graphic.o
 .debug_abbrev  0x000007de       0xdc SPLC501C-AVR.o
 .debug_abbrev  0x000008ba      0x277 SPLC501C.o
 .debug_abbrev  0x00000b31       0xf4 timer.o

.debug_line     0x00000000     0x1039
 *(.debug_line .debug_line.* .debug_line_end)
 .debug_line    0x00000000       0xeb ADC.o
 .debug_line    0x000000eb      0x110 button.o
 .debug_line    0x000001fb      0x2ae can_drv.o
 .debug_line    0x000004a9      0x2df CAN_LCD.o
 .debug_line    0x00000788      0x27a can_lib.o
 .debug_line    0x00000a02      0x11c graphic.o
 .debug_line    0x00000b1e      0x137 SPLC501C-AVR.o
 .debug_line    0x00000c55      0x2cf SPLC501C.o
 .debug_line    0x00000f24      0x115 timer.o

.debug_frame    0x00000000      0x778
 *(.debug_frame)
 .debug_frame   0x00000000       0x64 ADC.o
 .debug_frame   0x00000064       0xc4 button.o
 .debug_frame   0x00000128       0xe0 can_drv.o
 .debug_frame   0x00000208       0x90 CAN_LCD.o
 .debug_frame   0x00000298       0x7c can_lib.o
 .debug_frame   0x00000314      0x178 graphic.o
 .debug_frame   0x0000048c       0x84 SPLC501C-AVR.o
 .debug_frame   0x00000510      0x1e0 SPLC501C.o
 .debug_frame   0x000006f0       0x88 timer.o

.debug_str      0x00000000      0x921
 *(.debug_str)
 .debug_str     0x00000000      0x18e ADC.o
                                0x1c2 (size before relaxing)
 .debug_str     0x0000018e       0x60 button.o
                                0x1ac (size before relaxing)
 .debug_str     0x000001ee      0x1aa can_drv.o
                                0x303 (size before relaxing)
 .debug_str     0x00000398      0x2d2 CAN_LCD.o
                                0x49d (size before relaxing)
 .debug_str     0x0000066a       0x34 can_lib.o
                                0x30c (size before relaxing)
 .debug_str     0x0000069e       0xb0 graphic.o
                                0x22a (size before relaxing)
 .debug_str     0x0000074e       0x92 SPLC501C-AVR.o
                                0x1e9 (size before relaxing)
 .debug_str     0x000007e0       0xef SPLC501C.o
                                0x368 (size before relaxing)
 .debug_str     0x000008cf       0x52 timer.o
                                0x1e4 (size before relaxing)

.debug_loc      0x00000000     0x2bba
 *(.debug_loc)
 .debug_loc     0x00000000       0xcb ADC.o
 .debug_loc     0x000000cb      0x12c button.o
 .debug_loc     0x000001f7      0x95b can_drv.o
 .debug_loc     0x00000b52      0x555 CAN_LCD.o
 .debug_loc     0x000010a7      0x2aa can_lib.o
 .debug_loc     0x00001351      0xb9f graphic.o
 .debug_loc     0x00001ef0       0x2d SPLC501C-AVR.o
 .debug_loc     0x00001f1d      0xc10 SPLC501C.o
 .debug_loc     0x00002b2d       0x8d timer.o

.debug_macinfo
 *(.debug_macinfo)

.debug_weaknames
 *(.debug_weaknames)

.debug_funcnames
 *(.debug_funcnames)

.debug_typenames
 *(.debug_typenames)

.debug_varnames
 *(.debug_varnames)

.debug_pubtypes
 *(.debug_pubtypes)

.debug_ranges   0x00000000      0x238
 *(.debug_ranges)
 .debug_ranges  0x00000000       0x28 ADC.o
 .debug_ranges  0x00000028       0x38 button.o
 .debug_ranges  0x00000060       0x68 can_drv.o
 .debug_ranges  0x000000c8       0x28 CAN_LCD.o
 .debug_ranges  0x000000f0       0x20 can_lib.o
 .debug_ranges  0x00000110       0x30 graphic.o
 .debug_ranges  0x00000140       0x40 SPLC501C-AVR.o
 .debug_ranges  0x00000180       0x80 SPLC501C.o
 .debug_ranges  0x00000200       0x38 timer.o

.debug_macro
 *(.debug_macro)
OUTPUT(CAN_LCD.elf elf32-avr)
LOAD linker stubs
